# Baseline format: "<file> <func>" (no line numbers). Unreachable from the
# phi binary by design; kept for API or external consumers.
cmd/exit.go exitError.silent

# ext/phi and the extension-side ext/pxb helpers are a public SDK consumed by
# external extension binaries (and by extension sources materialized at test
# runtime), which deadcode cannot see from this module's roots.
ext/pxb/codec.go ByteReader.Blob
ext/pxb/codec.go ByteReader.Bool
ext/pxb/codec.go ByteReader.String
ext/pxb/codec.go ByteReader.Strings
ext/pxb/codec.go ByteReader.U32
ext/pxb/codec.go ByteReader.U64
ext/pxb/codec.go ByteReader.U8
ext/pxb/codec.go ByteWriter.Blob
ext/pxb/codec.go ByteWriter.Bool
ext/pxb/codec.go ByteWriter.Grow
ext/pxb/codec.go ByteWriter.Reset
ext/pxb/codec.go ByteWriter.String
ext/pxb/codec.go ByteWriter.Strings
ext/pxb/codec.go ByteWriter.U32
ext/pxb/codec.go ByteWriter.U64
ext/pxb/codec.go ByteWriter.U8
ext/pxb/codec.go DumpType
ext/pxb/fields.go FieldWriter.Reset
ext/pxb/msg.go DecodeCommandInvoked
ext/pxb/msg.go DecodeHelloAck
ext/pxb/msg.go DecodeHostResult
ext/pxb/msg.go DecodeSessionMeta
ext/pxb/msg.go DecodeToolInvoke
ext/pxb/msg.go EncodeCommandResponse
ext/pxb/msg.go EncodeHostRequest
ext/pxb/msg.go EncodeInterceptResp
ext/pxb/msg.go EncodeNotify
ext/pxb/msg.go EncodeRegisterCommand
ext/pxb/msg.go EncodeRegisterTool
ext/pxb/msg.go EncodeToolResult
ext/phi/sdk.go ExtensionAPI.ClosePane
ext/phi/sdk.go ExtensionAPI.Confirm
ext/phi/sdk.go ExtensionAPI.ConfirmOpts
ext/phi/sdk.go ExtensionAPI.Host
ext/phi/sdk.go ExtensionAPI.Notify
ext/phi/sdk.go ExtensionAPI.OnBeforeAgentStart
ext/phi/sdk.go ExtensionAPI.OnPaneAction
ext/phi/sdk.go ExtensionAPI.OnSessionBeforeSwitch
ext/phi/sdk.go ExtensionAPI.OnToolCall
ext/phi/sdk.go ExtensionAPI.OnToolResult
ext/phi/sdk.go ExtensionAPI.OnTurnStopping
ext/phi/sdk.go ExtensionAPI.OnUserInput
ext/phi/sdk.go ExtensionAPI.RegisterCommand
ext/phi/sdk.go ExtensionAPI.RegisterTool
ext/phi/sdk.go ExtensionAPI.Run
ext/phi/sdk.go ExtensionAPI.SendUserMessage
ext/phi/sdk.go ExtensionAPI.SetStatus
ext/phi/sdk.go ExtensionAPI.ShowPane
ext/phi/sdk.go ExtensionAPI.Submit
ext/phi/sdk.go ExtensionAPI.Subscribe
ext/phi/sdk.go ExtensionAPI.SubscribeEvent
ext/phi/sdk.go ExtensionAPI.UpdatePane
ext/phi/sdk.go ExtensionAPI.handleIntercept
ext/phi/sdk.go New
ext/phi/ui.go appendUnique
ext/phi/ui.go errUnexpected
ext/phi/ui.go extensionUI.ClosePane
ext/phi/ui.go extensionUI.Confirm
ext/phi/ui.go extensionUI.ConfirmOpts
ext/phi/ui.go extensionUI.Notify
ext/phi/ui.go extensionUI.SetStatus
ext/phi/ui.go extensionUI.ShowPane
ext/phi/ui.go extensionUI.UpdatePane
ext/phi/ui.go unexpectedTypeError.Error
