# Baseline format: "<file> <func>" (no line numbers). Unreachable from the
# phi binary by design; kept for API or external consumers.
cmd/exit.go exitError.silent

# ext/sdk and the extension-side ext/pxb helpers are a public SDK consumed by
# external extension binaries (and by extension sources materialized at test
# runtime), which deadcode cannot see from this module's roots.
ext/pxb/codec.go ByteReader.Blob
ext/pxb/codec.go ByteReader.Bool
ext/pxb/codec.go ByteReader.String
ext/pxb/codec.go ByteReader.Strings
ext/pxb/codec.go ByteReader.U32
ext/pxb/codec.go ByteReader.U64
ext/pxb/codec.go ByteReader.U8
ext/pxb/codec.go ByteWriter.Blob
ext/pxb/codec.go ByteWriter.Bool
ext/pxb/codec.go ByteWriter.Grow
ext/pxb/codec.go ByteWriter.Reset
ext/pxb/codec.go ByteWriter.String
ext/pxb/codec.go ByteWriter.Strings
ext/pxb/codec.go ByteWriter.U32
ext/pxb/codec.go ByteWriter.U64
ext/pxb/codec.go ByteWriter.U8
ext/pxb/codec.go DumpType
ext/pxb/fields.go FieldWriter.Reset
ext/pxb/msg.go DecodeCommandInvoked
ext/pxb/msg.go DecodeHelloAck
ext/pxb/msg.go DecodeHostResult
ext/pxb/msg.go DecodeSessionMeta
ext/pxb/msg.go DecodeToolInvoke
ext/pxb/msg.go EncodeCommandResponse
ext/pxb/msg.go EncodeHostRequest
ext/pxb/msg.go EncodeInterceptResp
ext/pxb/msg.go EncodeNotify
ext/pxb/msg.go EncodeRegisterCommand
ext/pxb/msg.go EncodeRegisterTool
ext/pxb/msg.go EncodeToolResult
ext/sdk/sdk.go Module.ClosePane
ext/sdk/sdk.go Module.Confirm
ext/sdk/sdk.go Module.ConfirmOpts
ext/sdk/sdk.go Module.Host
ext/sdk/sdk.go Module.Notify
ext/sdk/sdk.go Module.OnBeforeAgentStart
ext/sdk/sdk.go Module.OnPaneAction
ext/sdk/sdk.go Module.OnSessionBeforeSwitch
ext/sdk/sdk.go Module.OnToolCall
ext/sdk/sdk.go Module.OnToolResult
ext/sdk/sdk.go Module.OnTurnStopping
ext/sdk/sdk.go Module.OnUserInput
ext/sdk/sdk.go Module.RegisterCommand
ext/sdk/sdk.go Module.RegisterTool
ext/sdk/sdk.go Module.Run
ext/sdk/sdk.go Module.SendUserMessage
ext/sdk/sdk.go Module.SetStatus
ext/sdk/sdk.go Module.ShowPane
ext/sdk/sdk.go Module.Submit
ext/sdk/sdk.go Module.Subscribe
ext/sdk/sdk.go Module.SubscribeEvent
ext/sdk/sdk.go Module.UpdatePane
ext/sdk/sdk.go Module.handleIntercept
ext/sdk/sdk.go New
ext/sdk/sdk.go appendUnique
ext/sdk/sdk.go errUnexpected
ext/sdk/sdk.go moduleUI.ClosePane
ext/sdk/sdk.go moduleUI.Confirm
ext/sdk/sdk.go moduleUI.ConfirmOpts
ext/sdk/sdk.go moduleUI.Notify
ext/sdk/sdk.go moduleUI.SetStatus
ext/sdk/sdk.go moduleUI.ShowPane
ext/sdk/sdk.go moduleUI.UpdatePane
ext/sdk/sdk.go unexpectedTypeError.Error
